  Determining projects to restore...
  All projects are up-to-date for restore.
C:\Users\Aldren Louie Reyes\source\repos\IT-15-ClientSphere-System-CRM\Controllers\PaymongoWebhookController.cs(17,26): error CS0246: The type or namespace name 'INotificationService' could not be found (are you missing a using directive or an assembly reference?) [C:\Users\Aldren Louie Reyes\source\repos\IT-15-ClientSphere-System-CRM\ClientSphere.csproj]
C:\Users\Aldren Louie Reyes\source\repos\IT-15-ClientSphere-System-CRM\Controllers\PaymongoWebhookController.cs(19,145): error CS0246: The type or namespace name 'INotificationService' could not be found (are you missing a using directive or an assembly reference?) [C:\Users\Aldren Louie Reyes\source\repos\IT-15-ClientSphere-System-CRM\ClientSphere.csproj]

Build FAILED.

C:\Users\Aldren Louie Reyes\source\repos\IT-15-ClientSphere-System-CRM\Controllers\PaymongoWebhookController.cs(17,26): error CS0246: The type or namespace name 'INotificationService' could not be found (are you missing a using directive or an assembly reference?) [C:\Users\Aldren Louie Reyes\source\repos\IT-15-ClientSphere-System-CRM\ClientSphere.csproj]
C:\Users\Aldren Louie Reyes\source\repos\IT-15-ClientSphere-System-CRM\Controllers\PaymongoWebhookController.cs(19,145): error CS0246: The type or namespace name 'INotificationService' could not be found (are you missing a using directive or an assembly reference?) [C:\Users\Aldren Louie Reyes\source\repos\IT-15-ClientSphere-System-CRM\ClientSphere.csproj]
    0 Warning(s)
    2 Error(s)

Time Elapsed 00:00:04.14
