  Determining projects to restore...
  All projects are up-to-date for restore.
C:\Program Files\dotnet\sdk\10.0.102\Microsoft.Common.CurrentVersion.targets(5381,5): warning MSB3026: Could not copy "D:\VS REPO\ClientSphere\obj\Debug\net10.0\apphost.exe" to "bin\Debug\net10.0\ClientSphere.exe". Beginning retry 1 in 1000ms. The process cannot access the file 'D:\VS REPO\ClientSphere\bin\Debug\net10.0\ClientSphere.exe' because it is being used by another process. The file is locked by: "ClientSphere (19580)" [D:\VS REPO\ClientSphere\ClientSphere.csproj]
C:\Program Files\dotnet\sdk\10.0.102\Microsoft.Common.CurrentVersion.targets(5381,5): warning MSB3026: Could not copy "D:\VS REPO\ClientSphere\obj\Debug\net10.0\apphost.exe" to "bin\Debug\net10.0\ClientSphere.exe". Beginning retry 2 in 1000ms. The process cannot access the file 'D:\VS REPO\ClientSphere\bin\Debug\net10.0\ClientSphere.exe' because it is being used by another process. The file is locked by: "ClientSphere (19580)" [D:\VS REPO\ClientSphere\ClientSphere.csproj]
C:\Program Files\dotnet\sdk\10.0.102\Microsoft.Common.CurrentVersion.targets(5381,5): warning MSB3026: Could not copy "D:\VS REPO\ClientSphere\obj\Debug\net10.0\apphost.exe" to "bin\Debug\net10.0\ClientSphere.exe". Beginning retry 3 in 1000ms. The process cannot access the file 'D:\VS REPO\ClientSphere\bin\Debug\net10.0\ClientSphere.exe' because it is being used by another process. The file is locked by: "ClientSphere (19580)" [D:\VS REPO\ClientSphere\ClientSphere.csproj]
C:\Program Files\dotnet\sdk\10.0.102\Microsoft.Common.CurrentVersion.targets(5381,5): warning MSB3026: Could not copy "D:\VS REPO\ClientSphere\obj\Debug\net10.0\apphost.exe" to "bin\Debug\net10.0\ClientSphere.exe". Beginning retry 4 in 1000ms. The process cannot access the file 'D:\VS REPO\ClientSphere\bin\Debug\net10.0\ClientSphere.exe' because it is being used by another process. The file is locked by: "ClientSphere (19580)" [D:\VS REPO\ClientSphere\ClientSphere.csproj]
C:\Program Files\dotnet\sdk\10.0.102\Microsoft.Common.CurrentVersion.targets(5381,5): warning MSB3026: Could not copy "D:\VS REPO\ClientSphere\obj\Debug\net10.0\apphost.exe" to "bin\Debug\net10.0\ClientSphere.exe". Beginning retry 5 in 1000ms. The process cannot access the file 'D:\VS REPO\ClientSphere\bin\Debug\net10.0\ClientSphere.exe' because it is being used by another process. The file is locked by: "ClientSphere (19580)" [D:\VS REPO\ClientSphere\ClientSphere.csproj]
C:\Program Files\dotnet\sdk\10.0.102\Microsoft.Common.CurrentVersion.targets(5381,5): warning MSB3026: Could not copy "D:\VS REPO\ClientSphere\obj\Debug\net10.0\apphost.exe" to "bin\Debug\net10.0\ClientSphere.exe". Beginning retry 6 in 1000ms. The process cannot access the file 'D:\VS REPO\ClientSphere\bin\Debug\net10.0\ClientSphere.exe' because it is being used by another process. The file is locked by: "ClientSphere (19580)" [D:\VS REPO\ClientSphere\ClientSphere.csproj]
C:\Program Files\dotnet\sdk\10.0.102\Microsoft.Common.CurrentVersion.targets(5381,5): warning MSB3026: Could not copy "D:\VS REPO\ClientSphere\obj\Debug\net10.0\apphost.exe" to "bin\Debug\net10.0\ClientSphere.exe". Beginning retry 7 in 1000ms. The process cannot access the file 'D:\VS REPO\ClientSphere\bin\Debug\net10.0\ClientSphere.exe' because it is being used by another process. The file is locked by: "ClientSphere (19580)" [D:\VS REPO\ClientSphere\ClientSphere.csproj]
C:\Program Files\dotnet\sdk\10.0.102\Microsoft.Common.CurrentVersion.targets(5381,5): warning MSB3026: Could not copy "D:\VS REPO\ClientSphere\obj\Debug\net10.0\apphost.exe" to "bin\Debug\net10.0\ClientSphere.exe". Beginning retry 8 in 1000ms. The process cannot access the file 'D:\VS REPO\ClientSphere\bin\Debug\net10.0\ClientSphere.exe' because it is being used by another process. The file is locked by: "ClientSphere (19580)" [D:\VS REPO\ClientSphere\ClientSphere.csproj]
C:\Program Files\dotnet\sdk\10.0.102\Microsoft.Common.CurrentVersion.targets(5381,5): warning MSB3026: Could not copy "D:\VS REPO\ClientSphere\obj\Debug\net10.0\apphost.exe" to "bin\Debug\net10.0\ClientSphere.exe". Beginning retry 9 in 1000ms. The process cannot access the file 'D:\VS REPO\ClientSphere\bin\Debug\net10.0\ClientSphere.exe' because it is being used by another process. The file is locked by: "ClientSphere (19580)" [D:\VS REPO\ClientSphere\ClientSphere.csproj]
C:\Program Files\dotnet\sdk\10.0.102\Microsoft.Common.CurrentVersion.targets(5381,5): warning MSB3026: Could not copy "D:\VS REPO\ClientSphere\obj\Debug\net10.0\apphost.exe" to "bin\Debug\net10.0\ClientSphere.exe". Beginning retry 10 in 1000ms. The process cannot access the file 'D:\VS REPO\ClientSphere\bin\Debug\net10.0\ClientSphere.exe' because it is being used by another process. The file is locked by: "ClientSphere (19580)" [D:\VS REPO\ClientSphere\ClientSphere.csproj]
C:\Program Files\dotnet\sdk\10.0.102\Microsoft.Common.CurrentVersion.targets(5381,5): error MSB3027: Could not copy "D:\VS REPO\ClientSphere\obj\Debug\net10.0\apphost.exe" to "bin\Debug\net10.0\ClientSphere.exe". Exceeded retry count of 10. Failed. The file is locked by: "ClientSphere (19580)" [D:\VS REPO\ClientSphere\ClientSphere.csproj]
C:\Program Files\dotnet\sdk\10.0.102\Microsoft.Common.CurrentVersion.targets(5381,5): error MSB3021: Unable to copy file "D:\VS REPO\ClientSphere\obj\Debug\net10.0\apphost.exe" to "bin\Debug\net10.0\ClientSphere.exe". The process cannot access the file 'D:\VS REPO\ClientSphere\bin\Debug\net10.0\ClientSphere.exe' because it is being used by another process. [D:\VS REPO\ClientSphere\ClientSphere.csproj]

Build FAILED.

C:\Program Files\dotnet\sdk\10.0.102\Microsoft.Common.CurrentVersion.targets(5381,5): warning MSB3026: Could not copy "D:\VS REPO\ClientSphere\obj\Debug\net10.0\apphost.exe" to "bin\Debug\net10.0\ClientSphere.exe". Beginning retry 1 in 1000ms. The process cannot access the file 'D:\VS REPO\ClientSphere\bin\Debug\net10.0\ClientSphere.exe' because it is being used by another process. The file is locked by: "ClientSphere (19580)" [D:\VS REPO\ClientSphere\ClientSphere.csproj]
C:\Program Files\dotnet\sdk\10.0.102\Microsoft.Common.CurrentVersion.targets(5381,5): warning MSB3026: Could not copy "D:\VS REPO\ClientSphere\obj\Debug\net10.0\apphost.exe" to "bin\Debug\net10.0\ClientSphere.exe". Beginning retry 2 in 1000ms. The process cannot access the file 'D:\VS REPO\ClientSphere\bin\Debug\net10.0\ClientSphere.exe' because it is being used by another process. The file is locked by: "ClientSphere (19580)" [D:\VS REPO\ClientSphere\ClientSphere.csproj]
C:\Program Files\dotnet\sdk\10.0.102\Microsoft.Common.CurrentVersion.targets(5381,5): warning MSB3026: Could not copy "D:\VS REPO\ClientSphere\obj\Debug\net10.0\apphost.exe" to "bin\Debug\net10.0\ClientSphere.exe". Beginning retry 3 in 1000ms. The process cannot access the file 'D:\VS REPO\ClientSphere\bin\Debug\net10.0\ClientSphere.exe' because it is being used by another process. The file is locked by: "ClientSphere (19580)" [D:\VS REPO\ClientSphere\ClientSphere.csproj]
C:\Program Files\dotnet\sdk\10.0.102\Microsoft.Common.CurrentVersion.targets(5381,5): warning MSB3026: Could not copy "D:\VS REPO\ClientSphere\obj\Debug\net10.0\apphost.exe" to "bin\Debug\net10.0\ClientSphere.exe". Beginning retry 4 in 1000ms. The process cannot access the file 'D:\VS REPO\ClientSphere\bin\Debug\net10.0\ClientSphere.exe' because it is being used by another process. The file is locked by: "ClientSphere (19580)" [D:\VS REPO\ClientSphere\ClientSphere.csproj]
C:\Program Files\dotnet\sdk\10.0.102\Microsoft.Common.CurrentVersion.targets(5381,5): warning MSB3026: Could not copy "D:\VS REPO\ClientSphere\obj\Debug\net10.0\apphost.exe" to "bin\Debug\net10.0\ClientSphere.exe". Beginning retry 5 in 1000ms. The process cannot access the file 'D:\VS REPO\ClientSphere\bin\Debug\net10.0\ClientSphere.exe' because it is being used by another process. The file is locked by: "ClientSphere (19580)" [D:\VS REPO\ClientSphere\ClientSphere.csproj]
C:\Program Files\dotnet\sdk\10.0.102\Microsoft.Common.CurrentVersion.targets(5381,5): warning MSB3026: Could not copy "D:\VS REPO\ClientSphere\obj\Debug\net10.0\apphost.exe" to "bin\Debug\net10.0\ClientSphere.exe". Beginning retry 6 in 1000ms. The process cannot access the file 'D:\VS REPO\ClientSphere\bin\Debug\net10.0\ClientSphere.exe' because it is being used by another process. The file is locked by: "ClientSphere (19580)" [D:\VS REPO\ClientSphere\ClientSphere.csproj]
C:\Program Files\dotnet\sdk\10.0.102\Microsoft.Common.CurrentVersion.targets(5381,5): warning MSB3026: Could not copy "D:\VS REPO\ClientSphere\obj\Debug\net10.0\apphost.exe" to "bin\Debug\net10.0\ClientSphere.exe". Beginning retry 7 in 1000ms. The process cannot access the file 'D:\VS REPO\ClientSphere\bin\Debug\net10.0\ClientSphere.exe' because it is being used by another process. The file is locked by: "ClientSphere (19580)" [D:\VS REPO\ClientSphere\ClientSphere.csproj]
C:\Program Files\dotnet\sdk\10.0.102\Microsoft.Common.CurrentVersion.targets(5381,5): warning MSB3026: Could not copy "D:\VS REPO\ClientSphere\obj\Debug\net10.0\apphost.exe" to "bin\Debug\net10.0\ClientSphere.exe". Beginning retry 8 in 1000ms. The process cannot access the file 'D:\VS REPO\ClientSphere\bin\Debug\net10.0\ClientSphere.exe' because it is being used by another process. The file is locked by: "ClientSphere (19580)" [D:\VS REPO\ClientSphere\ClientSphere.csproj]
C:\Program Files\dotnet\sdk\10.0.102\Microsoft.Common.CurrentVersion.targets(5381,5): warning MSB3026: Could not copy "D:\VS REPO\ClientSphere\obj\Debug\net10.0\apphost.exe" to "bin\Debug\net10.0\ClientSphere.exe". Beginning retry 9 in 1000ms. The process cannot access the file 'D:\VS REPO\ClientSphere\bin\Debug\net10.0\ClientSphere.exe' because it is being used by another process. The file is locked by: "ClientSphere (19580)" [D:\VS REPO\ClientSphere\ClientSphere.csproj]
C:\Program Files\dotnet\sdk\10.0.102\Microsoft.Common.CurrentVersion.targets(5381,5): warning MSB3026: Could not copy "D:\VS REPO\ClientSphere\obj\Debug\net10.0\apphost.exe" to "bin\Debug\net10.0\ClientSphere.exe". Beginning retry 10 in 1000ms. The process cannot access the file 'D:\VS REPO\ClientSphere\bin\Debug\net10.0\ClientSphere.exe' because it is being used by another process. The file is locked by: "ClientSphere (19580)" [D:\VS REPO\ClientSphere\ClientSphere.csproj]
C:\Program Files\dotnet\sdk\10.0.102\Microsoft.Common.CurrentVersion.targets(5381,5): error MSB3027: Could not copy "D:\VS REPO\ClientSphere\obj\Debug\net10.0\apphost.exe" to "bin\Debug\net10.0\ClientSphere.exe". Exceeded retry count of 10. Failed. The file is locked by: "ClientSphere (19580)" [D:\VS REPO\ClientSphere\ClientSphere.csproj]
C:\Program Files\dotnet\sdk\10.0.102\Microsoft.Common.CurrentVersion.targets(5381,5): error MSB3021: Unable to copy file "D:\VS REPO\ClientSphere\obj\Debug\net10.0\apphost.exe" to "bin\Debug\net10.0\ClientSphere.exe". The process cannot access the file 'D:\VS REPO\ClientSphere\bin\Debug\net10.0\ClientSphere.exe' because it is being used by another process. [D:\VS REPO\ClientSphere\ClientSphere.csproj]
    10 Warning(s)
    2 Error(s)

Time Elapsed 00:00:12.19
